Archive member included to satisfy reference by file (symbol)

d:/nti/embedded systems/microcontroller avr architecture/software/atmel studio/7.0/toolchain/avr8/avr8-gnu-toolchain/bin/../lib/gcc/avr/5.4.0/avr5\libgcc.a(_exit.o)
                              d:/nti/embedded systems/microcontroller avr architecture/software/atmel studio/7.0/toolchain/avr8/avr8-gnu-toolchain/bin/../lib/gcc/avr/5.4.0/../../../../avr/lib/avr5/crtatmega32.o (exit)
d:/nti/embedded systems/microcontroller avr architecture/software/atmel studio/7.0/toolchain/avr8/avr8-gnu-toolchain/bin/../lib/gcc/avr/5.4.0/avr5\libgcc.a(_tablejump2.o)
                              Hal/Ssd/Ssd.o (__tablejump2__)
d:/nti/embedded systems/microcontroller avr architecture/software/atmel studio/7.0/toolchain/avr8/avr8-gnu-toolchain/bin/../lib/gcc/avr/5.4.0/avr5\libgcc.a(_copy_data.o)
                              App/main.o (__do_copy_data)

Discarded input sections

 .data          0x00000000        0x0 d:/nti/embedded systems/microcontroller avr architecture/software/atmel studio/7.0/toolchain/avr8/avr8-gnu-toolchain/bin/../lib/gcc/avr/5.4.0/../../../../avr/lib/avr5/crtatmega32.o
 .bss           0x00000000        0x0 d:/nti/embedded systems/microcontroller avr architecture/software/atmel studio/7.0/toolchain/avr8/avr8-gnu-toolchain/bin/../lib/gcc/avr/5.4.0/../../../../avr/lib/avr5/crtatmega32.o
 .text          0x00000000        0x0 App/main.o
 .data          0x00000000        0x0 App/main.o
 .bss           0x00000000        0x0 App/main.o
 .text          0x00000000        0x0 Hal/Buzzer/Buzzer.o
 .data          0x00000000        0x0 Hal/Buzzer/Buzzer.o
 .bss           0x00000000        0x0 Hal/Buzzer/Buzzer.o
 .text.H_Buzzer_Tog
                0x00000000        0x8 Hal/Buzzer/Buzzer.o
 .text.H_Buzzer_OnceLong
                0x00000000       0x24 Hal/Buzzer/Buzzer.o
 .text          0x00000000        0x0 Hal/KeyPad/KeyPad.o
 .data          0x00000000        0x0 Hal/KeyPad/KeyPad.o
 .bss           0x00000000        0x0 Hal/KeyPad/KeyPad.o
 .rodata        0x00000000       0x10 Hal/KeyPad/KeyPad.o
 .text.H_KeyPad_Read
                0x00000000       0xc0 Hal/KeyPad/KeyPad.o
 .text          0x00000000        0x0 Hal/Lcd/Lcd.o
 .data          0x00000000        0x0 Hal/Lcd/Lcd.o
 .bss           0x00000000        0x0 Hal/Lcd/Lcd.o
 .text.H_Lcd_Clr
                0x00000000        0x8 Hal/Lcd/Lcd.o
 .text          0x00000000        0x0 Hal/Led/Led.o
 .data          0x00000000        0x0 Hal/Led/Led.o
 .bss           0x00000000        0x0 Hal/Led/Led.o
 .text.H_Led_Tog
                0x00000000       0x24 Hal/Led/Led.o
 .text.H_Led_BlinkOnce
                0x00000000       0x78 Hal/Led/Led.o
 .text.H_Led_BlinkTwice
                0x00000000       0x6a Hal/Led/Led.o
 .text          0x00000000        0x0 Hal/PushButton/PushButton.o
 .data          0x00000000        0x0 Hal/PushButton/PushButton.o
 .bss           0x00000000        0x0 Hal/PushButton/PushButton.o
 .text.H_PushButton_Init
                0x00000000       0x3e Hal/PushButton/PushButton.o
 .text.H_PushButton_Read
                0x00000000      0x10c Hal/PushButton/PushButton.o
 .debug_info    0x00000000      0x37d Hal/PushButton/PushButton.o
 .debug_abbrev  0x00000000      0x138 Hal/PushButton/PushButton.o
 .debug_loc     0x00000000      0x230 Hal/PushButton/PushButton.o
 .debug_aranges
                0x00000000       0x28 Hal/PushButton/PushButton.o
 .debug_ranges  0x00000000       0x18 Hal/PushButton/PushButton.o
 .debug_line    0x00000000      0x26f Hal/PushButton/PushButton.o
 .debug_str     0x00000000      0x26b Hal/PushButton/PushButton.o
 .comment       0x00000000       0x31 Hal/PushButton/PushButton.o
 .debug_frame   0x00000000       0x34 Hal/PushButton/PushButton.o
 .text          0x00000000        0x0 Hal/Ssd/Ssd.o
 .data          0x00000000        0x0 Hal/Ssd/Ssd.o
 .bss           0x00000000        0x0 Hal/Ssd/Ssd.o
 .text.H_Ssd_CountUp
                0x00000000       0x1a Hal/Ssd/Ssd.o
 .text.H_Ssd_CountDown
                0x00000000       0x16 Hal/Ssd/Ssd.o
 .text.H_Ssd_Disable
                0x00000000       0x12 Hal/Ssd/Ssd.o
 .text          0x00000000        0x0 Mcal/Dio/Dio.o
 .data          0x00000000        0x0 Mcal/Dio/Dio.o
 .bss           0x00000000        0x0 Mcal/Dio/Dio.o
 .text.M_Dio_PinRead
                0x00000000       0x88 Mcal/Dio/Dio.o
 .text.M_Dio_PinTog
                0x00000000       0x94 Mcal/Dio/Dio.o
 .text.M_Dio_PortMode
                0x00000000       0x5e Mcal/Dio/Dio.o
 .text.M_Dio_PortWrite
                0x00000000       0x5e Mcal/Dio/Dio.o
 .text          0x00000000        0x0 d:/nti/embedded systems/microcontroller avr architecture/software/atmel studio/7.0/toolchain/avr8/avr8-gnu-toolchain/bin/../lib/gcc/avr/5.4.0/avr5\libgcc.a(_exit.o)
 .data          0x00000000        0x0 d:/nti/embedded systems/microcontroller avr architecture/software/atmel studio/7.0/toolchain/avr8/avr8-gnu-toolchain/bin/../lib/gcc/avr/5.4.0/avr5\libgcc.a(_exit.o)
 .bss           0x00000000        0x0 d:/nti/embedded systems/microcontroller avr architecture/software/atmel studio/7.0/toolchain/avr8/avr8-gnu-toolchain/bin/../lib/gcc/avr/5.4.0/avr5\libgcc.a(_exit.o)
 .text.libgcc.mul
                0x00000000        0x0 d:/nti/embedded systems/microcontroller avr architecture/software/atmel studio/7.0/toolchain/avr8/avr8-gnu-toolchain/bin/../lib/gcc/avr/5.4.0/avr5\libgcc.a(_exit.o)
 .text.libgcc.div
                0x00000000        0x0 d:/nti/embedded systems/microcontroller avr architecture/software/atmel studio/7.0/toolchain/avr8/avr8-gnu-toolchain/bin/../lib/gcc/avr/5.4.0/avr5\libgcc.a(_exit.o)
 .text.libgcc   0x00000000        0x0 d:/nti/embedded systems/microcontroller avr architecture/software/atmel studio/7.0/toolchain/avr8/avr8-gnu-toolchain/bin/../lib/gcc/avr/5.4.0/avr5\libgcc.a(_exit.o)
 .text.libgcc.prologue
                0x00000000        0x0 d:/nti/embedded systems/microcontroller avr architecture/software/atmel studio/7.0/toolchain/avr8/avr8-gnu-toolchain/bin/../lib/gcc/avr/5.4.0/avr5\libgcc.a(_exit.o)
 .text.libgcc.builtins
                0x00000000        0x0 d:/nti/embedded systems/microcontroller avr architecture/software/atmel studio/7.0/toolchain/avr8/avr8-gnu-toolchain/bin/../lib/gcc/avr/5.4.0/avr5\libgcc.a(_exit.o)
 .text.libgcc.fmul
                0x00000000        0x0 d:/nti/embedded systems/microcontroller avr architecture/software/atmel studio/7.0/toolchain/avr8/avr8-gnu-toolchain/bin/../lib/gcc/avr/5.4.0/avr5\libgcc.a(_exit.o)
 .text.libgcc.fixed
                0x00000000        0x0 d:/nti/embedded systems/microcontroller avr architecture/software/atmel studio/7.0/toolchain/avr8/avr8-gnu-toolchain/bin/../lib/gcc/avr/5.4.0/avr5\libgcc.a(_exit.o)
 .text          0x00000000        0x0 d:/nti/embedded systems/microcontroller avr architecture/software/atmel studio/7.0/toolchain/avr8/avr8-gnu-toolchain/bin/../lib/gcc/avr/5.4.0/avr5\libgcc.a(_tablejump2.o)
 .data          0x00000000        0x0 d:/nti/embedded systems/microcontroller avr architecture/software/atmel studio/7.0/toolchain/avr8/avr8-gnu-toolchain/bin/../lib/gcc/avr/5.4.0/avr5\libgcc.a(_tablejump2.o)
 .bss           0x00000000        0x0 d:/nti/embedded systems/microcontroller avr architecture/software/atmel studio/7.0/toolchain/avr8/avr8-gnu-toolchain/bin/../lib/gcc/avr/5.4.0/avr5\libgcc.a(_tablejump2.o)
 .text.libgcc.mul
                0x00000000        0x0 d:/nti/embedded systems/microcontroller avr architecture/software/atmel studio/7.0/toolchain/avr8/avr8-gnu-toolchain/bin/../lib/gcc/avr/5.4.0/avr5\libgcc.a(_tablejump2.o)
 .text.libgcc.div
                0x00000000        0x0 d:/nti/embedded systems/microcontroller avr architecture/software/atmel studio/7.0/toolchain/avr8/avr8-gnu-toolchain/bin/../lib/gcc/avr/5.4.0/avr5\libgcc.a(_tablejump2.o)
 .text.libgcc.prologue
                0x00000000        0x0 d:/nti/embedded systems/microcontroller avr architecture/software/atmel studio/7.0/toolchain/avr8/avr8-gnu-toolchain/bin/../lib/gcc/avr/5.4.0/avr5\libgcc.a(_tablejump2.o)
 .text.libgcc.builtins
                0x00000000        0x0 d:/nti/embedded systems/microcontroller avr architecture/software/atmel studio/7.0/toolchain/avr8/avr8-gnu-toolchain/bin/../lib/gcc/avr/5.4.0/avr5\libgcc.a(_tablejump2.o)
 .text.libgcc.fmul
                0x00000000        0x0 d:/nti/embedded systems/microcontroller avr architecture/software/atmel studio/7.0/toolchain/avr8/avr8-gnu-toolchain/bin/../lib/gcc/avr/5.4.0/avr5\libgcc.a(_tablejump2.o)
 .text.libgcc.fixed
                0x00000000        0x0 d:/nti/embedded systems/microcontroller avr architecture/software/atmel studio/7.0/toolchain/avr8/avr8-gnu-toolchain/bin/../lib/gcc/avr/5.4.0/avr5\libgcc.a(_tablejump2.o)
 .text          0x00000000        0x0 d:/nti/embedded systems/microcontroller avr architecture/software/atmel studio/7.0/toolchain/avr8/avr8-gnu-toolchain/bin/../lib/gcc/avr/5.4.0/avr5\libgcc.a(_copy_data.o)
 .data          0x00000000        0x0 d:/nti/embedded systems/microcontroller avr architecture/software/atmel studio/7.0/toolchain/avr8/avr8-gnu-toolchain/bin/../lib/gcc/avr/5.4.0/avr5\libgcc.a(_copy_data.o)
 .bss           0x00000000        0x0 d:/nti/embedded systems/microcontroller avr architecture/software/atmel studio/7.0/toolchain/avr8/avr8-gnu-toolchain/bin/../lib/gcc/avr/5.4.0/avr5\libgcc.a(_copy_data.o)
 .text.libgcc.mul
                0x00000000        0x0 d:/nti/embedded systems/microcontroller avr architecture/software/atmel studio/7.0/toolchain/avr8/avr8-gnu-toolchain/bin/../lib/gcc/avr/5.4.0/avr5\libgcc.a(_copy_data.o)
 .text.libgcc.div
                0x00000000        0x0 d:/nti/embedded systems/microcontroller avr architecture/software/atmel studio/7.0/toolchain/avr8/avr8-gnu-toolchain/bin/../lib/gcc/avr/5.4.0/avr5\libgcc.a(_copy_data.o)
 .text.libgcc   0x00000000        0x0 d:/nti/embedded systems/microcontroller avr architecture/software/atmel studio/7.0/toolchain/avr8/avr8-gnu-toolchain/bin/../lib/gcc/avr/5.4.0/avr5\libgcc.a(_copy_data.o)
 .text.libgcc.prologue
                0x00000000        0x0 d:/nti/embedded systems/microcontroller avr architecture/software/atmel studio/7.0/toolchain/avr8/avr8-gnu-toolchain/bin/../lib/gcc/avr/5.4.0/avr5\libgcc.a(_copy_data.o)
 .text.libgcc.builtins
                0x00000000        0x0 d:/nti/embedded systems/microcontroller avr architecture/software/atmel studio/7.0/toolchain/avr8/avr8-gnu-toolchain/bin/../lib/gcc/avr/5.4.0/avr5\libgcc.a(_copy_data.o)
 .text.libgcc.fmul
                0x00000000        0x0 d:/nti/embedded systems/microcontroller avr architecture/software/atmel studio/7.0/toolchain/avr8/avr8-gnu-toolchain/bin/../lib/gcc/avr/5.4.0/avr5\libgcc.a(_copy_data.o)
 .text.libgcc.fixed
                0x00000000        0x0 d:/nti/embedded systems/microcontroller avr architecture/software/atmel studio/7.0/toolchain/avr8/avr8-gnu-toolchain/bin/../lib/gcc/avr/5.4.0/avr5\libgcc.a(_copy_data.o)

Memory Configuration

Name             Origin             Length             Attributes
text             0x00000000         0x00008000         xr
data             0x00800060         0x00000800         rw !x
eeprom           0x00810000         0x00000400         rw !x
fuse             0x00820000         0x00000002         rw !x
lock             0x00830000         0x00000400         rw !x
signature        0x00840000         0x00000400         rw !x
user_signatures  0x00850000         0x00000400         rw !x
*default*        0x00000000         0xffffffff

Linker script and memory map

LOAD d:/nti/embedded systems/microcontroller avr architecture/software/atmel studio/7.0/toolchain/avr8/avr8-gnu-toolchain/bin/../lib/gcc/avr/5.4.0/../../../../avr/lib/avr5/crtatmega32.o
LOAD App/main.o
LOAD Hal/Buzzer/Buzzer.o
LOAD Hal/KeyPad/KeyPad.o
LOAD Hal/Lcd/Lcd.o
LOAD Hal/Led/Led.o
LOAD Hal/PushButton/PushButton.o
LOAD Hal/Ssd/Ssd.o
LOAD Mcal/Dio/Dio.o
START GROUP
LOAD d:/nti/embedded systems/microcontroller avr architecture/software/atmel studio/7.0/toolchain/avr8/avr8-gnu-toolchain/bin/../lib/gcc/avr/5.4.0/../../../../avr/lib/avr5\libm.a
END GROUP
START GROUP
LOAD d:/nti/embedded systems/microcontroller avr architecture/software/atmel studio/7.0/toolchain/avr8/avr8-gnu-toolchain/bin/../lib/gcc/avr/5.4.0/avr5\libgcc.a
LOAD d:/nti/embedded systems/microcontroller avr architecture/software/atmel studio/7.0/toolchain/avr8/avr8-gnu-toolchain/bin/../lib/gcc/avr/5.4.0/../../../../avr/lib/avr5\libm.a
LOAD d:/nti/embedded systems/microcontroller avr architecture/software/atmel studio/7.0/toolchain/avr8/avr8-gnu-toolchain/bin/../lib/gcc/avr/5.4.0/../../../../avr/lib/avr5\libc.a
LOAD d:/nti/embedded systems/microcontroller avr architecture/software/atmel studio/7.0/toolchain/avr8/avr8-gnu-toolchain/bin/../lib/gcc/avr/5.4.0/../../../../avr/lib/avr5\libatmega32.a
END GROUP
                0x00000000                __TEXT_REGION_ORIGIN__ = DEFINED (__TEXT_REGION_ORIGIN__)?__TEXT_REGION_ORIGIN__:0x0
                [0x00800060]                __DATA_REGION_ORIGIN__ = DEFINED (__DATA_REGION_ORIGIN__)?__DATA_REGION_ORIGIN__:0x800060
                [0x00008000]                __TEXT_REGION_LENGTH__ = DEFINED (__TEXT_REGION_LENGTH__)?__TEXT_REGION_LENGTH__:0x20000
                [0x00000800]                __DATA_REGION_LENGTH__ = DEFINED (__DATA_REGION_LENGTH__)?__DATA_REGION_LENGTH__:0xffa0
                [0x00000400]                __EEPROM_REGION_LENGTH__ = DEFINED (__EEPROM_REGION_LENGTH__)?__EEPROM_REGION_LENGTH__:0x10000
                [0x00000002]                __FUSE_REGION_LENGTH__ = DEFINED (__FUSE_REGION_LENGTH__)?__FUSE_REGION_LENGTH__:0x400
                0x00000400                __LOCK_REGION_LENGTH__ = DEFINED (__LOCK_REGION_LENGTH__)?__LOCK_REGION_LENGTH__:0x400
                0x00000400                __SIGNATURE_REGION_LENGTH__ = DEFINED (__SIGNATURE_REGION_LENGTH__)?__SIGNATURE_REGION_LENGTH__:0x400
                0x00000400                __USER_SIGNATURE_REGION_LENGTH__ = DEFINED (__USER_SIGNATURE_REGION_LENGTH__)?__USER_SIGNATURE_REGION_LENGTH__:0x400

.hash
 *(.hash)

.dynsym
 *(.dynsym)

.dynstr
 *(.dynstr)

.gnu.version
 *(.gnu.version)

.gnu.version_d
 *(.gnu.version_d)

.gnu.version_r
 *(.gnu.version_r)

.rel.init
 *(.rel.init)

.rela.init
 *(.rela.init)

.rel.text
 *(.rel.text)
 *(.rel.text.*)
 *(.rel.gnu.linkonce.t*)

.rela.text
 *(.rela.text)
 *(.rela.text.*)
 *(.rela.gnu.linkonce.t*)

.rel.fini
 *(.rel.fini)

.rela.fini
 *(.rela.fini)

.rel.rodata
 *(.rel.rodata)
 *(.rel.rodata.*)
 *(.rel.gnu.linkonce.r*)

.rela.rodata
 *(.rela.rodata)
 *(.rela.rodata.*)
 *(.rela.gnu.linkonce.r*)

.rel.data
 *(.rel.data)
 *(.rel.data.*)
 *(.rel.gnu.linkonce.d*)

.rela.data
 *(.rela.data)
 *(.rela.data.*)
 *(.rela.gnu.linkonce.d*)

.rel.ctors
 *(.rel.ctors)

.rela.ctors
 *(.rela.ctors)

.rel.dtors
 *(.rel.dtors)

.rela.dtors
 *(.rela.dtors)

.rel.got
 *(.rel.got)

.rela.got
 *(.rela.got)

.rel.bss
 *(.rel.bss)

.rela.bss
 *(.rela.bss)

.rel.plt
 *(.rel.plt)

.rela.plt
 *(.rela.plt)

.text           0x00000000      0xe44
 *(.vectors)
 .vectors       0x00000000       0x54 d:/nti/embedded systems/microcontroller avr architecture/software/atmel studio/7.0/toolchain/avr8/avr8-gnu-toolchain/bin/../lib/gcc/avr/5.4.0/../../../../avr/lib/avr5/crtatmega32.o
                0x00000000                __vector_default
                0x00000000                __vectors
 *(.vectors)
 *(.progmem.gcc*)
 .progmem.gcc_sw_table.H_Ssd_Display
                0x00000054       0x14 Hal/Ssd/Ssd.o
                0x00000068                . = ALIGN (0x2)
                0x00000068                __trampolines_start = .
 *(.trampolines)
 .trampolines   0x00000068        0x0 linker stubs
 *(.trampolines*)
                0x00000068                __trampolines_end = .
 *libprintf_flt.a:*(.progmem.data)
 *libc.a:*(.progmem.data)
 *(.progmem*)
                0x00000068                . = ALIGN (0x2)
 *(.jumptables)
 *(.jumptables*)
 *(.lowtext)
 *(.lowtext*)
                0x00000068                __ctors_start = .
 *(.ctors)
                0x00000068                __ctors_end = .
                0x00000068                __dtors_start = .
 *(.dtors)
                0x00000068                __dtors_end = .
 SORT(*)(.ctors)
 SORT(*)(.dtors)
 *(.init0)
 .init0         0x00000068        0x0 d:/nti/embedded systems/microcontroller avr architecture/software/atmel studio/7.0/toolchain/avr8/avr8-gnu-toolchain/bin/../lib/gcc/avr/5.4.0/../../../../avr/lib/avr5/crtatmega32.o
                0x00000068                __init
 *(.init0)
 *(.init1)
 *(.init1)
 *(.init2)
 .init2         0x00000068        0xc d:/nti/embedded systems/microcontroller avr architecture/software/atmel studio/7.0/toolchain/avr8/avr8-gnu-toolchain/bin/../lib/gcc/avr/5.4.0/../../../../avr/lib/avr5/crtatmega32.o
 *(.init2)
 *(.init3)
 *(.init3)
 *(.init4)
 .init4         0x00000074       0x16 d:/nti/embedded systems/microcontroller avr architecture/software/atmel studio/7.0/toolchain/avr8/avr8-gnu-toolchain/bin/../lib/gcc/avr/5.4.0/avr5\libgcc.a(_copy_data.o)
                0x00000074                __do_copy_data
 *(.init4)
 *(.init5)
 *(.init5)
 *(.init6)
 *(.init6)
 *(.init7)
 *(.init7)
 *(.init8)
 *(.init8)
 *(.init9)
 .init9         0x0000008a        0x8 d:/nti/embedded systems/microcontroller avr architecture/software/atmel studio/7.0/toolchain/avr8/avr8-gnu-toolchain/bin/../lib/gcc/avr/5.4.0/../../../../avr/lib/avr5/crtatmega32.o
 *(.init9)
 *(.text)
 .text          0x00000092        0x4 d:/nti/embedded systems/microcontroller avr architecture/software/atmel studio/7.0/toolchain/avr8/avr8-gnu-toolchain/bin/../lib/gcc/avr/5.4.0/../../../../avr/lib/avr5/crtatmega32.o
                0x00000092                __vector_1
                0x00000092                __vector_12
                0x00000092                __bad_interrupt
                0x00000092                __vector_6
                0x00000092                __vector_3
                0x00000092                __vector_11
                0x00000092                __vector_13
                0x00000092                __vector_17
                0x00000092                __vector_19
                0x00000092                __vector_7
                0x00000092                __vector_5
                0x00000092                __vector_4
                0x00000092                __vector_9
                0x00000092                __vector_2
                0x00000092                __vector_15
                0x00000092                __vector_8
                0x00000092                __vector_14
                0x00000092                __vector_10
                0x00000092                __vector_16
                0x00000092                __vector_18
                0x00000092                __vector_20
                0x00000096                . = ALIGN (0x2)
 *(.text.*)
 .text.main     0x00000096      0x504 App/main.o
                0x00000096                main
 .text.H_Buzzer_Init
                0x0000059a        0xa Hal/Buzzer/Buzzer.o
                0x0000059a                H_Buzzer_Init
 .text.H_Buzzer_On
                0x000005a4        0xa Hal/Buzzer/Buzzer.o
                0x000005a4                H_Buzzer_On
 .text.H_Buzzer_Off
                0x000005ae        0xa Hal/Buzzer/Buzzer.o
                0x000005ae                H_Buzzer_Off
 .text.H_Buzzer_Once
                0x000005b8       0x24 Hal/Buzzer/Buzzer.o
                0x000005b8                H_Buzzer_Once
 .text.H_Buzzer_Twice
                0x000005dc       0x1c Hal/Buzzer/Buzzer.o
                0x000005dc                H_Buzzer_Twice
 .text.H_Buzzer_Triple
                0x000005f8       0x32 Hal/Buzzer/Buzzer.o
                0x000005f8                H_Buzzer_Triple
 .text.H_KeyPad_Init
                0x0000062a       0x62 Hal/KeyPad/KeyPad.o
                0x0000062a                H_KeyPad_Init
 .text.H_Lcd_WriteCharacter
                0x0000068c       0x7e Hal/Lcd/Lcd.o
                0x0000068c                H_Lcd_WriteCharacter
 .text.H_Lcd_WriteCommand
                0x0000070a       0x7e Hal/Lcd/Lcd.o
                0x0000070a                H_Lcd_WriteCommand
 .text.H_Lcd_Init
                0x00000788       0x68 Hal/Lcd/Lcd.o
                0x00000788                H_Lcd_Init
 .text.H_Lcd_WriteString
                0x000007f0       0x2c Hal/Lcd/Lcd.o
                0x000007f0                H_Lcd_WriteString
 .text.H_Lcd_GoTo
                0x0000081c       0x2a Hal/Lcd/Lcd.o
                0x0000081c                H_Lcd_GoTo
 .text.H_Led_Init
                0x00000846       0x2a Hal/Led/Led.o
                0x00000846                H_Led_Init
 .text.H_Led_On
                0x00000870       0x2a Hal/Led/Led.o
                0x00000870                H_Led_On
 .text.H_Led_Off
                0x0000089a       0x2a Hal/Led/Led.o
                0x0000089a                H_Led_Off
 .text.H_Ssd_Display
                0x000008c4      0x28c Hal/Ssd/Ssd.o
 .text.H_Ssd_Init
                0x00000b50       0x4a Hal/Ssd/Ssd.o
                0x00000b50                H_Ssd_Init
 .text.H_Ssd_WriteNum
                0x00000b9a       0x76 Hal/Ssd/Ssd.o
                0x00000b9a                H_Ssd_WriteNum
 .text.M_Dio_PinMode
                0x00000c10      0x112 Mcal/Dio/Dio.o
                0x00000c10                M_Dio_PinMode
 .text.M_Dio_PinWrite
                0x00000d22      0x112 Mcal/Dio/Dio.o
                0x00000d22                M_Dio_PinWrite
 .text.libgcc   0x00000e34        0xc d:/nti/embedded systems/microcontroller avr architecture/software/atmel studio/7.0/toolchain/avr8/avr8-gnu-toolchain/bin/../lib/gcc/avr/5.4.0/avr5\libgcc.a(_tablejump2.o)
                0x00000e34                __tablejump2__
                0x00000e40                . = ALIGN (0x2)
 *(.fini9)
 .fini9         0x00000e40        0x0 d:/nti/embedded systems/microcontroller avr architecture/software/atmel studio/7.0/toolchain/avr8/avr8-gnu-toolchain/bin/../lib/gcc/avr/5.4.0/avr5\libgcc.a(_exit.o)
                0x00000e40                _exit
                0x00000e40                exit
 *(.fini9)
 *(.fini8)
 *(.fini8)
 *(.fini7)
 *(.fini7)
 *(.fini6)
 *(.fini6)
 *(.fini5)
 *(.fini5)
 *(.fini4)
 *(.fini4)
 *(.fini3)
 *(.fini3)
 *(.fini2)
 *(.fini2)
 *(.fini1)
 *(.fini1)
 *(.fini0)
 .fini0         0x00000e40        0x4 d:/nti/embedded systems/microcontroller avr architecture/software/atmel studio/7.0/toolchain/avr8/avr8-gnu-toolchain/bin/../lib/gcc/avr/5.4.0/avr5\libgcc.a(_exit.o)
 *(.fini0)
                0x00000e44                _etext = .

.data           0x00800060       0x14 load address 0x00000e44
                0x00800060                PROVIDE (__data_start, .)
 *(.data)
 *(.data*)
 *(.gnu.linkonce.d*)
 *(.rodata)
 *(.rodata*)
 .rodata.str1.1
                0x00800060       0x14 App/main.o
 *(.gnu.linkonce.r*)
                0x00800074                . = ALIGN (0x2)
                0x00800074                _edata = .
                0x00800074                PROVIDE (__data_end, .)

.bss            0x00800074        0x0
                [!provide]                PROVIDE (__bss_start, .)
 *(.bss)
 *(.bss*)
 *(COMMON)
                [!provide]                PROVIDE (__bss_end, .)
                0x00000e44                __data_load_start = LOADADDR (.data)
                0x00000e58                __data_load_end = (__data_load_start + SIZEOF (.data))

.noinit         0x00800074        0x0
                [!provide]                PROVIDE (__noinit_start, .)
 *(.noinit*)
                [!provide]                PROVIDE (__noinit_end, .)
                0x00800074                _end = .
                [!provide]                PROVIDE (__heap_start, .)

.eeprom         0x00810000        0x0
 *(.eeprom*)
                0x00810000                __eeprom_end = .

.fuse
 *(.fuse)
 *(.lfuse)
 *(.hfuse)
 *(.efuse)

.lock
 *(.lock*)

.signature
 *(.signature*)

.user_signatures
 *(.user_signatures*)

.stab
 *(.stab)

.stabstr
 *(.stabstr)

.stab.excl
 *(.stab.excl)

.stab.exclstr
 *(.stab.exclstr)

.stab.index
 *(.stab.index)

.stab.indexstr
 *(.stab.indexstr)

.comment        0x00000000       0x60
 *(.comment)
 .comment       0x00000000       0x30 App/main.o
                                 0x31 (size before relaxing)
 .comment       0x00000030       0x31 Hal/Buzzer/Buzzer.o
 .comment       0x00000030       0x31 Hal/KeyPad/KeyPad.o
 .comment       0x00000030       0x31 Hal/Lcd/Lcd.o
 .comment       0x00000030       0x31 Hal/Led/Led.o
 .comment       0x00000030       0x31 Hal/Ssd/Ssd.o
 .comment       0x00000030       0x30 Mcal/Dio/Dio.o
                                 0x31 (size before relaxing)

.note.gnu.avr.deviceinfo
                0x00000000       0x3c
 .note.gnu.avr.deviceinfo
                0x00000000       0x3c d:/nti/embedded systems/microcontroller avr architecture/software/atmel studio/7.0/toolchain/avr8/avr8-gnu-toolchain/bin/../lib/gcc/avr/5.4.0/../../../../avr/lib/avr5/crtatmega32.o

.note.gnu.build-id
 *(.note.gnu.build-id)

.debug
 *(.debug)

.line
 *(.line)

.debug_srcinfo
 *(.debug_srcinfo)

.debug_sfnames
 *(.debug_sfnames)

.debug_aranges  0x00000000      0x1c0
 *(.debug_aranges)
 .debug_aranges
                0x00000000       0x20 App/main.o
 .debug_aranges
                0x00000020       0x58 Hal/Buzzer/Buzzer.o
 .debug_aranges
                0x00000078       0x28 Hal/KeyPad/KeyPad.o
 .debug_aranges
                0x000000a0       0x48 Hal/Lcd/Lcd.o
 .debug_aranges
                0x000000e8       0x48 Hal/Led/Led.o
 .debug_aranges
                0x00000130       0x48 Hal/Ssd/Ssd.o
 .debug_aranges
                0x00000178       0x48 Mcal/Dio/Dio.o

.debug_pubnames
 *(.debug_pubnames)

.debug_info     0x00000000     0x35ae
 *(.debug_info .gnu.linkonce.wi.*)
 .debug_info    0x00000000      0x4e6 d:/nti/embedded systems/microcontroller avr architecture/software/atmel studio/7.0/toolchain/avr8/avr8-gnu-toolchain/bin/../lib/gcc/avr/5.4.0/../../../../avr/lib/avr5/crtatmega32.o
 .debug_info    0x000004e6     0x1129 App/main.o
 .debug_info    0x0000160f      0x3b6 Hal/Buzzer/Buzzer.o
 .debug_info    0x000019c5      0x357 Hal/KeyPad/KeyPad.o
 .debug_info    0x00001d1c      0x618 Hal/Lcd/Lcd.o
 .debug_info    0x00002334      0x548 Hal/Led/Led.o
 .debug_info    0x0000287c      0xb09 Hal/Ssd/Ssd.o
 .debug_info    0x00003385      0x229 Mcal/Dio/Dio.o

.debug_abbrev   0x00000000      0xbf3
 *(.debug_abbrev)
 .debug_abbrev  0x00000000      0x4a3 d:/nti/embedded systems/microcontroller avr architecture/software/atmel studio/7.0/toolchain/avr8/avr8-gnu-toolchain/bin/../lib/gcc/avr/5.4.0/../../../../avr/lib/avr5/crtatmega32.o
 .debug_abbrev  0x000004a3       0x8c App/main.o
 .debug_abbrev  0x0000052f       0xfc Hal/Buzzer/Buzzer.o
 .debug_abbrev  0x0000062b      0x14a Hal/KeyPad/KeyPad.o
 .debug_abbrev  0x00000775      0x16b Hal/Lcd/Lcd.o
 .debug_abbrev  0x000008e0      0x10d Hal/Led/Led.o
 .debug_abbrev  0x000009ed      0x14e Hal/Ssd/Ssd.o
 .debug_abbrev  0x00000b3b       0xb8 Mcal/Dio/Dio.o

.debug_line     0x00000000     0x1a90
 *(.debug_line .debug_line.* .debug_line_end)
 .debug_line    0x00000000       0x1a d:/nti/embedded systems/microcontroller avr architecture/software/atmel studio/7.0/toolchain/avr8/avr8-gnu-toolchain/bin/../lib/gcc/avr/5.4.0/../../../../avr/lib/avr5/crtatmega32.o
 .debug_line    0x0000001a      0x8e1 App/main.o
 .debug_line    0x000008fb      0x271 Hal/Buzzer/Buzzer.o
 .debug_line    0x00000b6c      0x24f Hal/KeyPad/KeyPad.o
 .debug_line    0x00000dbb      0x31e Hal/Lcd/Lcd.o
 .debug_line    0x000010d9      0x2e6 Hal/Led/Led.o
 .debug_line    0x000013bf      0x4ba Hal/Ssd/Ssd.o
 .debug_line    0x00001879      0x217 Mcal/Dio/Dio.o

.debug_frame    0x00000000      0x350
 *(.debug_frame)
 .debug_frame   0x00000000       0x24 App/main.o
 .debug_frame   0x00000024       0x94 Hal/Buzzer/Buzzer.o
 .debug_frame   0x000000b8       0x68 Hal/KeyPad/KeyPad.o
 .debug_frame   0x00000120       0xa4 Hal/Lcd/Lcd.o
 .debug_frame   0x000001c4       0x74 Hal/Led/Led.o
 .debug_frame   0x00000238       0xa4 Hal/Ssd/Ssd.o
 .debug_frame   0x000002dc       0x74 Mcal/Dio/Dio.o

.debug_str      0x00000000      0x7d2
 *(.debug_str)
 .debug_str     0x00000000      0x196 d:/nti/embedded systems/microcontroller avr architecture/software/atmel studio/7.0/toolchain/avr8/avr8-gnu-toolchain/bin/../lib/gcc/avr/5.4.0/../../../../avr/lib/avr5/crtatmega32.o
 .debug_str     0x00000196      0x25a App/main.o
                                0x28e (size before relaxing)
 .debug_str     0x000003f0      0x10b Hal/Buzzer/Buzzer.o
                                0x29b (size before relaxing)
 .debug_str     0x000004fb       0xf4 Hal/KeyPad/KeyPad.o
                                0x29f (size before relaxing)
 .debug_str     0x000005ef       0x6c Hal/Lcd/Lcd.o
                                0x2e4 (size before relaxing)
 .debug_str     0x0000065b       0x49 Hal/Led/Led.o
                                0x278 (size before relaxing)
 .debug_str     0x000006a4       0x94 Hal/Ssd/Ssd.o
                                0x2c3 (size before relaxing)
 .debug_str     0x00000738       0x9a Mcal/Dio/Dio.o
                                0x1fa (size before relaxing)

.debug_loc      0x00000000     0x1085
 *(.debug_loc)
 .debug_loc     0x00000000      0x168 Hal/Buzzer/Buzzer.o
 .debug_loc     0x00000168      0x17e Hal/KeyPad/KeyPad.o
 .debug_loc     0x000002e6      0x447 Hal/Lcd/Lcd.o
 .debug_loc     0x0000072d      0x3a2 Hal/Led/Led.o
 .debug_loc     0x00000acf      0x3df Hal/Ssd/Ssd.o
 .debug_loc     0x00000eae      0x1d7 Mcal/Dio/Dio.o

.debug_macinfo
 *(.debug_macinfo)

.debug_weaknames
 *(.debug_weaknames)

.debug_funcnames
 *(.debug_funcnames)

.debug_typenames
 *(.debug_typenames)

.debug_varnames
 *(.debug_varnames)

.debug_pubtypes
 *(.debug_pubtypes)

.debug_ranges   0x00000000      0x150
 *(.debug_ranges)
 .debug_ranges  0x00000000       0x10 App/main.o
 .debug_ranges  0x00000010       0x48 Hal/Buzzer/Buzzer.o
 .debug_ranges  0x00000058       0x18 Hal/KeyPad/KeyPad.o
 .debug_ranges  0x00000070       0x38 Hal/Lcd/Lcd.o
 .debug_ranges  0x000000a8       0x38 Hal/Led/Led.o
 .debug_ranges  0x000000e0       0x38 Hal/Ssd/Ssd.o
 .debug_ranges  0x00000118       0x38 Mcal/Dio/Dio.o

.debug_macro
 *(.debug_macro)
OUTPUT(GccApplication1.elf elf32-avr)
LOAD linker stubs
